// Jest Snapshot v1, https://goo.gl/fbAQLP

exports['<Menu /> should match snapshot 1'] = `
.c9 {
  display: inline-block;
  vertical-align: middle;
  overflow: hidden;
}

.c2 {
  display: none;
}

.c7 {
  display: none;
}

.c0 {
  display: -webkit-box;
  display: -webkit-flex;
  display: -ms-flexbox;
  display: flex;
  -webkit-align-items: center;
  -webkit-box-align: center;
  -ms-flex-align: center;
  align-items: center;
  position: -webkit-sticky;
  position: sticky;
  top: 0px;
  width: 100%;
  background: #1F1F24;
  z-index: 50;
  padding: 2.4rem 3.2rem;
}

.c0 .flex {
  -webkit-flex: 1;
  -ms-flex: 1;
  flex: 1;
  -webkit-box-pack: center;
  -webkit-justify-content: center;
  -ms-flex-pack: center;
  justify-content: center;
  -webkit-align-items: center;
  -webkit-box-align: center;
  -ms-flex-align: center;
  align-items: center;
}

.c6 {
  color: #FFFFFF !important;
  font-size: 1.6rem;
  font-weight: 600;
  -webkit-text-decoration: none;
  text-decoration: none;
  text-align: center;
  cursor: pointer;
}

.c4 {
  display: -webkit-box;
  display: -webkit-flex;
  display: -ms-flexbox;
  display: flex;
  -webkit-align-items: center;
  -webkit-box-align: center;
  -ms-flex-align: center;
  align-items: center;
  -webkit-box-pack: center;
  -webkit-justify-content: center;
  -ms-flex-pack: center;
  justify-content: center;
  -webkit-flex: 1;
  -ms-flex: 1;
  flex: 1;
}

.c4:first-child {
  -webkit-transform: translateX(-65px);
  -ms-transform: translateX(-65px);
  transform: translateX(-65px);
}

.c4 .c5:not(:first-child) {
  margin-left: 3.2rem;
}

.c8 {
  color: #FFFFFF;
  width: 3.2rem;
  height: 3.2rem;
  cursor: pointer;
}

.c10 {
  display: -webkit-box;
  display: -webkit-flex;
  display: -ms-flexbox;
  display: flex;
  -webkit-flex-direction: column;
  -ms-flex-direction: column;
  flex-direction: column;
  -webkit-box-pack: justify;
  -webkit-justify-content: space-between;
  -ms-flex-pack: justify;
  justify-content: space-between;
  position: absolute;
  background: #1F1F24;
  top: 0;
  left: 0;
  bottom: 0;
  right: 0;
  height: 100vh;
  overflow: hidden;
  -webkit-transition: opacity 0.3s ease-in-out;
  transition: opacity 0.3s ease-in-out;
  pointer-events: none;
  opacity: 0;
}

.c10 > svg {
  position: absolute;
  top: 0;
  right: 0;
  margin: 1.6rem;
  color: #FFFFFF;
  cursor: pointer;
  width: 3.2rem;
  height: 3.2rem;
}

.c10 .c3 {
  display: -webkit-box;
  display: -webkit-flex;
  display: -ms-flexbox;
  display: flex;
  -webkit-align-items: center;
  -webkit-box-align: center;
  -ms-flex-align: center;
  align-items: center;
  -webkit-box-pack: center;
  -webkit-justify-content: center;
  -ms-flex-pack: center;
  justify-content: center;
  -webkit-flex: 1;
  -ms-flex: 1;
  flex: 1;
  -webkit-flex-direction: column;
  -ms-flex-direction: column;
  flex-direction: column;
}

.c10 .c5 {
  color: #FFFFFF;
  font-weight: 600;
  font-size: 2.4rem;
  margin-left: 0 !important;
  margin-bottom: 2.4rem;
  -webkit-transform: translateY(3rem);
  -ms-transform: translateY(3rem);
  transform: translateY(3rem);
  -webkit-transition: -webkit-transform 0.3s ease-in-out;
  -webkit-transition: transform 0.3s ease-in-out;
  transition: transform 0.3s ease-in-out;
}

.c1 {
  width: 13rem;
  display: -webkit-box;
  display: -webkit-flex;
  display: -ms-flexbox;
  display: flex;
  -webkit-flex-direction: column;
  -ms-flex-direction: column;
  flex-direction: column;
}

@media (min-width:768px) {
  .c2 {
    display: block;
  }
}

@media (max-width:768px) {
  .c7 {
    display: block;
  }
}

@media (max-width:768px) {
  .c0 {
    padding: 1.6rem;
    -webkit-box-pack: justify;
    -webkit-justify-content: space-between;
    -ms-flex-pack: justify;
    justify-content: space-between;
  }
}

@media (max-width:768px) {
  .c1 .logo-name {
    display: none;
  }
}

<menu
  class="c0"
>
  <div
    class="c1"
  >
    <svg
      aria-label="George Mueller"
      fill="none"
      role="img"
      viewBox="0 0 505 142"
      xmlns="http://www.w3.org/2000/svg"
    >
      <path
        class="logo-name"
        d="M97.796 60.436c2.124 0 3.978.432 5.562 1.296 1.62.864 2.862 1.998 3.726 3.402v-4.266h9.234v30.078c0 2.772-.558 5.274-1.674 7.506-1.08 2.268-2.754 4.068-5.022 5.4-2.232 1.332-5.022 1.998-8.37 1.998-4.464 0-8.082-1.062-10.854-3.186-2.772-2.088-4.356-4.932-4.752-8.532h9.126c.288 1.152.972 2.052 2.052 2.7 1.08.684 2.412 1.026 3.996 1.026 1.908 0 3.42-.558 4.536-1.674 1.152-1.08 1.728-2.826 1.728-5.238V86.68c-.9 1.404-2.142 2.556-3.726 3.456-1.584.864-3.438 1.296-5.562 1.296-2.484 0-4.734-.63-6.75-1.89-2.016-1.296-3.618-3.114-4.806-5.454-1.152-2.376-1.728-5.112-1.728-8.208s.576-5.814 1.728-8.154c1.188-2.34 2.79-4.14 4.806-5.4 2.016-1.26 4.266-1.89 6.75-1.89zm9.288 15.498c0-2.304-.648-4.122-1.944-5.454-1.26-1.332-2.808-1.998-4.644-1.998-1.836 0-3.402.666-4.698 1.998-1.26 1.296-1.89 3.096-1.89 5.4 0 2.304.63 4.14 1.89 5.508 1.296 1.332 2.862 1.998 4.698 1.998 1.836 0 3.384-.666 4.644-1.998 1.296-1.332 1.944-3.15 1.944-5.454zm44.318-.486c0 .864-.054 1.764-.162 2.7h-20.898c.144 1.872.738 3.312 1.782 4.32 1.08.972 2.394 1.458 3.942 1.458 2.304 0 3.906-.972 4.806-2.916h9.828a13.312 13.312 0 01-2.754 5.346c-1.296 1.584-2.934 2.826-4.914 3.726-1.98.9-4.194 1.35-6.642 1.35-2.952 0-5.58-.63-7.884-1.89-2.304-1.26-4.104-3.06-5.4-5.4-1.296-2.34-1.944-5.076-1.944-8.208 0-3.132.63-5.868 1.89-8.208 1.296-2.34 3.096-4.14 5.4-5.4 2.304-1.26 4.95-1.89 7.938-1.89 2.916 0 5.508.612 7.776 1.836 2.268 1.224 4.032 2.97 5.292 5.238 1.296 2.268 1.944 4.914 1.944 7.938zm-9.45-2.43c0-1.584-.54-2.844-1.62-3.78-1.08-.936-2.43-1.404-4.05-1.404-1.548 0-2.862.45-3.942 1.35-1.044.9-1.692 2.178-1.944 3.834h11.556zm28.038 18.414c-2.952 0-5.616-.63-7.992-1.89-2.34-1.26-4.194-3.06-5.562-5.4-1.332-2.34-1.998-5.076-1.998-8.208 0-3.096.684-5.814 2.052-8.154 1.368-2.376 3.24-4.194 5.616-5.454 2.376-1.26 5.04-1.89 7.992-1.89s5.616.63 7.992 1.89c2.376 1.26 4.248 3.078 5.616 5.454 1.368 2.34 2.052 5.058 2.052 8.154s-.702 5.832-2.106 8.208c-1.368 2.34-3.258 4.14-5.67 5.4-2.376 1.26-5.04 1.89-7.992 1.89zm0-7.992c1.764 0 3.258-.648 4.482-1.944 1.26-1.296 1.89-3.15 1.89-5.562 0-2.412-.612-4.266-1.836-5.562-1.188-1.296-2.664-1.944-4.428-1.944-1.8 0-3.294.648-4.482 1.944-1.188 1.26-1.782 3.114-1.782 5.562 0 2.412.576 4.266 1.728 5.562 1.188 1.296 2.664 1.944 4.428 1.944zm29.901-17.55c1.08-1.656 2.43-2.952 4.05-3.888 1.62-.972 3.42-1.458 5.4-1.458v9.774h-2.538c-2.304 0-4.032.504-5.184 1.512-1.152.972-1.728 2.7-1.728 5.184V91h-9.234V60.868h9.234v5.022zm25.311-5.454c2.124 0 3.978.432 5.562 1.296 1.62.864 2.862 1.998 3.726 3.402v-4.266h9.234v30.078c0 2.772-.558 5.274-1.674 7.506-1.08 2.268-2.754 4.068-5.022 5.4-2.232 1.332-5.022 1.998-8.37 1.998-4.464 0-8.082-1.062-10.854-3.186-2.772-2.088-4.356-4.932-4.752-8.532h9.126c.288 1.152.972 2.052 2.052 2.7 1.08.684 2.412 1.026 3.996 1.026 1.908 0 3.42-.558 4.536-1.674 1.152-1.08 1.728-2.826 1.728-5.238V86.68c-.9 1.404-2.142 2.556-3.726 3.456-1.584.864-3.438 1.296-5.562 1.296-2.484 0-4.734-.63-6.75-1.89-2.016-1.296-3.618-3.114-4.806-5.454-1.152-2.376-1.728-5.112-1.728-8.208s.576-5.814 1.728-8.154c1.188-2.34 2.79-4.14 4.806-5.4 2.016-1.26 4.266-1.89 6.75-1.89zm9.288 15.498c0-2.304-.648-4.122-1.944-5.454-1.26-1.332-2.808-1.998-4.644-1.998-1.836 0-3.402.666-4.698 1.998-1.26 1.296-1.89 3.096-1.89 5.4 0 2.304.63 4.14 1.89 5.508 1.296 1.332 2.862 1.998 4.698 1.998 1.836 0 3.384-.666 4.644-1.998 1.296-1.332 1.944-3.15 1.944-5.454zm44.319-.486c0 .864-.054 1.764-.162 2.7h-20.898c.144 1.872.738 3.312 1.782 4.32 1.08.972 2.394 1.458 3.942 1.458 2.304 0 3.906-.972 4.806-2.916h9.828a13.312 13.312 0 01-2.754 5.346c-1.296 1.584-2.934 2.826-4.914 3.726-1.98.9-4.194 1.35-6.642 1.35-2.952 0-5.58-.63-7.884-1.89-2.304-1.26-4.104-3.06-5.4-5.4-1.296-2.34-1.944-5.076-1.944-8.208 0-3.132.63-5.868 1.89-8.208 1.296-2.34 3.096-4.14 5.4-5.4 2.304-1.26 4.95-1.89 7.938-1.89 2.916 0 5.508.612 7.776 1.836 2.268 1.224 4.032 2.97 5.292 5.238 1.296 2.268 1.944 4.914 1.944 7.938zm-9.45-2.43c0-1.584-.54-2.844-1.62-3.78-1.08-.936-2.43-1.404-4.05-1.404-1.548 0-2.862.45-3.942 1.35-1.044.9-1.692 2.178-1.944 3.834h11.556zm65.068-12.258c2.34 0 4.428.486 6.264 1.458 1.872.972 3.33 2.412 4.374 4.32 1.08 1.908 1.62 4.212 1.62 6.912V91h-6.102V74.368c0-2.664-.666-4.698-1.998-6.102-1.332-1.44-3.15-2.16-5.454-2.16s-4.14.72-5.508 2.16c-1.332 1.404-1.998 3.438-1.998 6.102V91h-6.102V74.368c0-2.664-.666-4.698-1.998-6.102-1.332-1.44-3.15-2.16-5.454-2.16s-4.14.72-5.508 2.16c-1.332 1.404-1.998 3.438-1.998 6.102V91h-6.156V61.246h6.156v3.402c1.008-1.224 2.286-2.178 3.834-2.862 1.548-.684 3.204-1.026 4.968-1.026 2.376 0 4.5.504 6.372 1.512 1.872 1.008 3.312 2.466 4.32 4.374.9-1.8 2.304-3.222 4.212-4.266a12.294 12.294 0 016.156-1.62zm47.038.486V91h-6.156v-3.51c-.972 1.224-2.25 2.196-3.834 2.916-1.548.684-3.204 1.026-4.968 1.026-2.34 0-4.446-.486-6.318-1.458-1.836-.972-3.294-2.412-4.374-4.32-1.044-1.908-1.566-4.212-1.566-6.912V61.246h6.102v16.578c0 2.664.666 4.716 1.998 6.156 1.332 1.404 3.15 2.106 5.454 2.106s4.122-.702 5.454-2.106c1.368-1.44 2.052-3.492 2.052-6.156V61.246h6.156zm35.392 14.148c0 1.116-.072 2.124-.216 3.024h-22.734c.18 2.376 1.062 4.284 2.646 5.724 1.584 1.44 3.528 2.16 5.832 2.16 3.312 0 5.652-1.386 7.02-4.158h6.642c-.9 2.736-2.538 4.986-4.914 6.75-2.34 1.728-5.256 2.592-8.748 2.592-2.844 0-5.4-.63-7.668-1.89-2.232-1.296-3.996-3.096-5.292-5.4-1.26-2.34-1.89-5.04-1.89-8.1 0-3.06.612-5.742 1.836-8.046 1.26-2.34 3.006-4.14 5.238-5.4 2.268-1.26 4.86-1.89 7.776-1.89 2.808 0 5.31.612 7.506 1.836 2.196 1.224 3.906 2.952 5.13 5.184 1.224 2.196 1.836 4.734 1.836 7.614zm-6.426-1.944c-.036-2.268-.846-4.086-2.43-5.454-1.584-1.368-3.546-2.052-5.886-2.052-2.124 0-3.942.684-5.454 2.052-1.512 1.332-2.412 3.15-2.7 5.454h16.47zm18.64-22.41V91h-6.156V51.04h6.156zm14.239 0V91h-6.156V51.04h6.156zm35.352 24.354c0 1.116-.072 2.124-.216 3.024h-22.734c.18 2.376 1.062 4.284 2.646 5.724 1.584 1.44 3.528 2.16 5.832 2.16 3.312 0 5.652-1.386 7.02-4.158h6.642c-.9 2.736-2.538 4.986-4.914 6.75-2.34 1.728-5.256 2.592-8.748 2.592-2.844 0-5.4-.63-7.668-1.89-2.232-1.296-3.996-3.096-5.292-5.4-1.26-2.34-1.89-5.04-1.89-8.1 0-3.06.612-5.742 1.836-8.046 1.26-2.34 3.006-4.14 5.238-5.4 2.268-1.26 4.86-1.89 7.776-1.89 2.808 0 5.31.612 7.506 1.836 2.196 1.224 3.906 2.952 5.13 5.184 1.224 2.196 1.836 4.734 1.836 7.614zm-6.426-1.944c-.036-2.268-.846-4.086-2.43-5.454-1.584-1.368-3.546-2.052-5.886-2.052-2.124 0-3.942.684-5.454 2.052-1.512 1.332-2.412 3.15-2.7 5.454h16.47zm18.64-7.884c.9-1.512 2.088-2.682 3.564-3.51 1.512-.864 3.294-1.296 5.346-1.296v6.372h-1.566c-2.412 0-4.248.612-5.508 1.836-1.224 1.224-1.836 3.348-1.836 6.372V91h-6.156V61.246h6.156v4.32z"
        fill="#43FECB"
      />
      <g
        filter="url(#filter0_i)"
      >
        <path
          d="M54.147 80.94l-9.794 9.795-9.794-9.794 9.794-9.794z"
          fill="#28F5BE"
        />
      </g>
      <g
        filter="url(#filter1_i)"
      >
        <path
          d="M44.412 71.088l-9.794 9.794-9.794-9.794 9.794-9.794z"
          fill="#28F5BE"
          fill-opacity=".8"
        />
      </g>
      <g
        filter="url(#filter2_i)"
      >
        <path
          d="M24.942 51.383l-9.794 9.794-9.795-9.794 9.795-9.794z"
          fill="#28F5BE"
          fill-opacity=".4"
        />
      </g>
      <g
        filter="url(#filter3_i)"
      >
        <path
          d="M34.677 61.235l-9.794 9.794-9.795-9.794 9.795-9.794z"
          fill="#28F5BE"
          fill-opacity=".6"
        />
      </g>
      <g
        filter="url(#filter4_i)"
      >
        <path
          d="M64 71.206L54.206 81l-9.794-9.794 9.794-9.794z"
          fill="#28F5BE"
        />
      </g>
      <g
        filter="url(#filter5_i)"
      >
        <path
          d="M44.294 90.676L34.5 100.47l-9.794-9.794 9.794-9.794z"
          fill="#28F5BE"
        />
      </g>
      <g
        filter="url(#filter6_i)"
      >
        <path
          d="M54.265 61.353l-9.794 9.794-9.795-9.794 9.795-9.794z"
          fill="#28F5BE"
          fill-opacity=".8"
        />
      </g>
      <g
        filter="url(#filter7_i)"
      >
        <path
          d="M34.794 41.647L25 51.442l-9.794-9.795L25 31.853z"
          fill="#28F5BE"
          fill-opacity=".4"
        />
      </g>
      <g
        filter="url(#filter8_i)"
      >
        <path
          d="M25.06 31.794l-9.794 9.794-9.794-9.794L15.266 22z"
          fill="#28F5BE"
          fill-opacity=".2"
        />
      </g>
      <g
        filter="url(#filter9_i)"
      >
        <path
          d="M44.53 51.5l-9.795 9.794-9.794-9.794 9.794-9.794z"
          fill="#28F5BE"
          fill-opacity=".6"
        />
      </g>
      <g
        filter="url(#filter10_i)"
      >
        <path
          d="M34.56 80.823l-9.795 9.794-9.794-9.794 9.794-9.794z"
          fill="#28F5BE"
          fill-opacity=".8"
        />
      </g>
      <g
        filter="url(#filter11_i)"
      >
        <path
          d="M24.824 70.97l-9.794 9.795-9.794-9.794 9.794-9.795z"
          fill="#28F5BE"
          fill-opacity=".6"
        />
      </g>
      <g
        filter="url(#filter12_i)"
      >
        <path
          d="M34.442 100.41l-9.795 9.795-9.794-9.794 9.794-9.794z"
          fill="#28F5BE"
        />
      </g>
      <g
        filter="url(#filter13_i)"
      >
        <path
          d="M24.707 90.559l-9.795 9.794-9.794-9.794 9.794-9.795z"
          fill="#28F5BE"
          fill-opacity=".8"
        />
      </g>
      <g
        filter="url(#filter14_i)"
      >
        <path
          d="M24.589 110.146l-9.794 9.794L5 110.146l9.795-9.794z"
          fill="#28F5BE"
        />
      </g>
      <defs>
        <filter
          color-interpolation-filters="sRGB"
          filterUnits="userSpaceOnUse"
          height="23.588"
          id="filter0_i"
          width="19.588"
          x="34.559"
          y="71.147"
        >
          <feflood
            flood-opacity="0"
            result="BackgroundImageFix"
          />
          <feblend
            in="SourceGraphic"
            in2="BackgroundImageFix"
            result="shape"
          />
          <fecolormatrix
            in="SourceAlpha"
            result="hardAlpha"
            values="0 0 0 0 0 0 0 0 0 0 0 0 0 0 0 0 0 0 127 0"
          />
          <feoffset
            dy="4"
          />
          <fegaussianblur
            stdDeviation="2"
          />
          <fecomposite
            in2="hardAlpha"
            k2="-1"
            k3="1"
            operator="arithmetic"
          />
          <fecolormatrix
            values="0 0 0 0 0 0 0 0 0 0 0 0 0 0 0 0 0 0 0.1 0"
          />
          <feblend
            in2="shape"
            result="effect1_innerShadow"
          />
        </filter>
        <filter
          color-interpolation-filters="sRGB"
          filterUnits="userSpaceOnUse"
          height="23.588"
          id="filter1_i"
          width="19.588"
          x="24.824"
          y="61.294"
        >
          <feflood
            flood-opacity="0"
            result="BackgroundImageFix"
          />
          <feblend
            in="SourceGraphic"
            in2="BackgroundImageFix"
            result="shape"
          />
          <fecolormatrix
            in="SourceAlpha"
            result="hardAlpha"
            values="0 0 0 0 0 0 0 0 0 0 0 0 0 0 0 0 0 0 127 0"
          />
          <feoffset
            dy="4"
          />
          <fegaussianblur
            stdDeviation="2"
          />
          <fecomposite
            in2="hardAlpha"
            k2="-1"
            k3="1"
            operator="arithmetic"
          />
          <fecolormatrix
            values="0 0 0 0 0 0 0 0 0 0 0 0 0 0 0 0 0 0 0.1 0"
          />
          <feblend
            in2="shape"
            result="effect1_innerShadow"
          />
        </filter>
        <filter
          color-interpolation-filters="sRGB"
          filterUnits="userSpaceOnUse"
          height="23.588"
          id="filter2_i"
          width="19.588"
          x="5.353"
          y="41.588"
        >
          <feflood
            flood-opacity="0"
            result="BackgroundImageFix"
          />
          <feblend
            in="SourceGraphic"
            in2="BackgroundImageFix"
            result="shape"
          />
          <fecolormatrix
            in="SourceAlpha"
            result="hardAlpha"
            values="0 0 0 0 0 0 0 0 0 0 0 0 0 0 0 0 0 0 127 0"
          />
          <feoffset
            dy="4"
          />
          <fegaussianblur
            stdDeviation="2"
          />
          <fecomposite
            in2="hardAlpha"
            k2="-1"
            k3="1"
            operator="arithmetic"
          />
          <fecolormatrix
            values="0 0 0 0 0 0 0 0 0 0 0 0 0 0 0 0 0 0 0.1 0"
          />
          <feblend
            in2="shape"
            result="effect1_innerShadow"
          />
        </filter>
        <filter
          color-interpolation-filters="sRGB"
          filterUnits="userSpaceOnUse"
          height="23.588"
          id="filter3_i"
          width="19.588"
          x="15.088"
          y="51.441"
        >
          <feflood
            flood-opacity="0"
            result="BackgroundImageFix"
          />
          <feblend
            in="SourceGraphic"
            in2="BackgroundImageFix"
            result="shape"
          />
          <fecolormatrix
            in="SourceAlpha"
            result="hardAlpha"
            values="0 0 0 0 0 0 0 0 0 0 0 0 0 0 0 0 0 0 127 0"
          />
          <feoffset
            dy="4"
          />
          <fegaussianblur
            stdDeviation="2"
          />
          <fecomposite
            in2="hardAlpha"
            k2="-1"
            k3="1"
            operator="arithmetic"
          />
          <fecolormatrix
            values="0 0 0 0 0 0 0 0 0 0 0 0 0 0 0 0 0 0 0.1 0"
          />
          <feblend
            in2="shape"
            result="effect1_innerShadow"
          />
        </filter>
        <filter
          color-interpolation-filters="sRGB"
          filterUnits="userSpaceOnUse"
          height="23.588"
          id="filter4_i"
          width="19.588"
          x="44.412"
          y="61.412"
        >
          <feflood
            flood-opacity="0"
            result="BackgroundImageFix"
          />
          <feblend
            in="SourceGraphic"
            in2="BackgroundImageFix"
            result="shape"
          />
          <fecolormatrix
            in="SourceAlpha"
            result="hardAlpha"
            values="0 0 0 0 0 0 0 0 0 0 0 0 0 0 0 0 0 0 127 0"
          />
          <feoffset
            dy="4"
          />
          <fegaussianblur
            stdDeviation="2"
          />
          <fecomposite
            in2="hardAlpha"
            k2="-1"
            k3="1"
            operator="arithmetic"
          />
          <fecolormatrix
            values="0 0 0 0 0 0 0 0 0 0 0 0 0 0 0 0 0 0 0.1 0"
          />
          <feblend
            in2="shape"
            result="effect1_innerShadow"
          />
        </filter>
        <filter
          color-interpolation-filters="sRGB"
          filterUnits="userSpaceOnUse"
          height="23.588"
          id="filter5_i"
          width="19.588"
          x="24.706"
          y="80.882"
        >
          <feflood
            flood-opacity="0"
            result="BackgroundImageFix"
          />
          <feblend
            in="SourceGraphic"
            in2="BackgroundImageFix"
            result="shape"
          />
          <fecolormatrix
            in="SourceAlpha"
            result="hardAlpha"
            values="0 0 0 0 0 0 0 0 0 0 0 0 0 0 0 0 0 0 127 0"
          />
          <feoffset
            dy="4"
          />
          <fegaussianblur
            stdDeviation="2"
          />
          <fecomposite
            in2="hardAlpha"
            k2="-1"
            k3="1"
            operator="arithmetic"
          />
          <fecolormatrix
            values="0 0 0 0 0 0 0 0 0 0 0 0 0 0 0 0 0 0 0.1 0"
          />
          <feblend
            in2="shape"
            result="effect1_innerShadow"
          />
        </filter>
        <filter
          color-interpolation-filters="sRGB"
          filterUnits="userSpaceOnUse"
          height="23.588"
          id="filter6_i"
          width="19.588"
          x="34.676"
          y="51.559"
        >
          <feflood
            flood-opacity="0"
            result="BackgroundImageFix"
          />
          <feblend
            in="SourceGraphic"
            in2="BackgroundImageFix"
            result="shape"
          />
          <fecolormatrix
            in="SourceAlpha"
            result="hardAlpha"
            values="0 0 0 0 0 0 0 0 0 0 0 0 0 0 0 0 0 0 127 0"
          />
          <feoffset
            dy="4"
          />
          <fegaussianblur
            stdDeviation="2"
          />
          <fecomposite
            in2="hardAlpha"
            k2="-1"
            k3="1"
            operator="arithmetic"
          />
          <fecolormatrix
            values="0 0 0 0 0 0 0 0 0 0 0 0 0 0 0 0 0 0 0.1 0"
          />
          <feblend
            in2="shape"
            result="effect1_innerShadow"
          />
        </filter>
        <filter
          color-interpolation-filters="sRGB"
          filterUnits="userSpaceOnUse"
          height="23.588"
          id="filter7_i"
          width="19.588"
          x="15.206"
          y="31.853"
        >
          <feflood
            flood-opacity="0"
            result="BackgroundImageFix"
          />
          <feblend
            in="SourceGraphic"
            in2="BackgroundImageFix"
            result="shape"
          />
          <fecolormatrix
            in="SourceAlpha"
            result="hardAlpha"
            values="0 0 0 0 0 0 0 0 0 0 0 0 0 0 0 0 0 0 127 0"
          />
          <feoffset
            dy="4"
          />
          <fegaussianblur
            stdDeviation="2"
          />
          <fecomposite
            in2="hardAlpha"
            k2="-1"
            k3="1"
            operator="arithmetic"
          />
          <fecolormatrix
            values="0 0 0 0 0 0 0 0 0 0 0 0 0 0 0 0 0 0 0.1 0"
          />
          <feblend
            in2="shape"
            result="effect1_innerShadow"
          />
        </filter>
        <filter
          color-interpolation-filters="sRGB"
          filterUnits="userSpaceOnUse"
          height="23.588"
          id="filter8_i"
          width="19.588"
          x="5.471"
          y="22"
        >
          <feflood
            flood-opacity="0"
            result="BackgroundImageFix"
          />
          <feblend
            in="SourceGraphic"
            in2="BackgroundImageFix"
            result="shape"
          />
          <fecolormatrix
            in="SourceAlpha"
            result="hardAlpha"
            values="0 0 0 0 0 0 0 0 0 0 0 0 0 0 0 0 0 0 127 0"
          />
          <feoffset
            dy="4"
          />
          <fegaussianblur
            stdDeviation="2"
          />
          <fecomposite
            in2="hardAlpha"
            k2="-1"
            k3="1"
            operator="arithmetic"
          />
          <fecolormatrix
            values="0 0 0 0 0 0 0 0 0 0 0 0 0 0 0 0 0 0 0.1 0"
          />
          <feblend
            in2="shape"
            result="effect1_innerShadow"
          />
        </filter>
        <filter
          color-interpolation-filters="sRGB"
          filterUnits="userSpaceOnUse"
          height="23.588"
          id="filter9_i"
          width="19.588"
          x="24.941"
          y="41.706"
        >
          <feflood
            flood-opacity="0"
            result="BackgroundImageFix"
          />
          <feblend
            in="SourceGraphic"
            in2="BackgroundImageFix"
            result="shape"
          />
          <fecolormatrix
            in="SourceAlpha"
            result="hardAlpha"
            values="0 0 0 0 0 0 0 0 0 0 0 0 0 0 0 0 0 0 127 0"
          />
          <feoffset
            dy="4"
          />
          <fegaussianblur
            stdDeviation="2"
          />
          <fecomposite
            in2="hardAlpha"
            k2="-1"
            k3="1"
            operator="arithmetic"
          />
          <fecolormatrix
            values="0 0 0 0 0 0 0 0 0 0 0 0 0 0 0 0 0 0 0.1 0"
          />
          <feblend
            in2="shape"
            result="effect1_innerShadow"
          />
        </filter>
        <filter
          color-interpolation-filters="sRGB"
          filterUnits="userSpaceOnUse"
          height="23.588"
          id="filter10_i"
          width="19.588"
          x="14.971"
          y="71.029"
        >
          <feflood
            flood-opacity="0"
            result="BackgroundImageFix"
          />
          <feblend
            in="SourceGraphic"
            in2="BackgroundImageFix"
            result="shape"
          />
          <fecolormatrix
            in="SourceAlpha"
            result="hardAlpha"
            values="0 0 0 0 0 0 0 0 0 0 0 0 0 0 0 0 0 0 127 0"
          />
          <feoffset
            dy="4"
          />
          <fegaussianblur
            stdDeviation="2"
          />
          <fecomposite
            in2="hardAlpha"
            k2="-1"
            k3="1"
            operator="arithmetic"
          />
          <fecolormatrix
            values="0 0 0 0 0 0 0 0 0 0 0 0 0 0 0 0 0 0 0.1 0"
          />
          <feblend
            in2="shape"
            result="effect1_innerShadow"
          />
        </filter>
        <filter
          color-interpolation-filters="sRGB"
          filterUnits="userSpaceOnUse"
          height="23.588"
          id="filter11_i"
          width="19.588"
          x="5.236"
          y="61.176"
        >
          <feflood
            flood-opacity="0"
            result="BackgroundImageFix"
          />
          <feblend
            in="SourceGraphic"
            in2="BackgroundImageFix"
            result="shape"
          />
          <fecolormatrix
            in="SourceAlpha"
            result="hardAlpha"
            values="0 0 0 0 0 0 0 0 0 0 0 0 0 0 0 0 0 0 127 0"
          />
          <feoffset
            dy="4"
          />
          <fegaussianblur
            stdDeviation="2"
          />
          <fecomposite
            in2="hardAlpha"
            k2="-1"
            k3="1"
            operator="arithmetic"
          />
          <fecolormatrix
            values="0 0 0 0 0 0 0 0 0 0 0 0 0 0 0 0 0 0 0.1 0"
          />
          <feblend
            in2="shape"
            result="effect1_innerShadow"
          />
        </filter>
        <filter
          color-interpolation-filters="sRGB"
          filterUnits="userSpaceOnUse"
          height="23.588"
          id="filter12_i"
          width="19.588"
          x="14.853"
          y="90.617"
        >
          <feflood
            flood-opacity="0"
            result="BackgroundImageFix"
          />
          <feblend
            in="SourceGraphic"
            in2="BackgroundImageFix"
            result="shape"
          />
          <fecolormatrix
            in="SourceAlpha"
            result="hardAlpha"
            values="0 0 0 0 0 0 0 0 0 0 0 0 0 0 0 0 0 0 127 0"
          />
          <feoffset
            dy="4"
          />
          <fegaussianblur
            stdDeviation="2"
          />
          <fecomposite
            in2="hardAlpha"
            k2="-1"
            k3="1"
            operator="arithmetic"
          />
          <fecolormatrix
            values="0 0 0 0 0 0 0 0 0 0 0 0 0 0 0 0 0 0 0.1 0"
          />
          <feblend
            in2="shape"
            result="effect1_innerShadow"
          />
        </filter>
        <filter
          color-interpolation-filters="sRGB"
          filterUnits="userSpaceOnUse"
          height="23.588"
          id="filter13_i"
          width="19.588"
          x="5.118"
          y="80.764"
        >
          <feflood
            flood-opacity="0"
            result="BackgroundImageFix"
          />
          <feblend
            in="SourceGraphic"
            in2="BackgroundImageFix"
            result="shape"
          />
          <fecolormatrix
            in="SourceAlpha"
            result="hardAlpha"
            values="0 0 0 0 0 0 0 0 0 0 0 0 0 0 0 0 0 0 127 0"
          />
          <feoffset
            dy="4"
          />
          <fegaussianblur
            stdDeviation="2"
          />
          <fecomposite
            in2="hardAlpha"
            k2="-1"
            k3="1"
            operator="arithmetic"
          />
          <fecolormatrix
            values="0 0 0 0 0 0 0 0 0 0 0 0 0 0 0 0 0 0 0.1 0"
          />
          <feblend
            in2="shape"
            result="effect1_innerShadow"
          />
        </filter>
        <filter
          color-interpolation-filters="sRGB"
          filterUnits="userSpaceOnUse"
          height="23.588"
          id="filter14_i"
          width="19.588"
          x="5"
          y="100.352"
        >
          <feflood
            flood-opacity="0"
            result="BackgroundImageFix"
          />
          <feblend
            in="SourceGraphic"
            in2="BackgroundImageFix"
            result="shape"
          />
          <fecolormatrix
            in="SourceAlpha"
            result="hardAlpha"
            values="0 0 0 0 0 0 0 0 0 0 0 0 0 0 0 0 0 0 127 0"
          />
          <feoffset
            dy="4"
          />
          <fegaussianblur
            stdDeviation="2"
          />
          <fecomposite
            in2="hardAlpha"
            k2="-1"
            k3="1"
            operator="arithmetic"
          />
          <fecolormatrix
            values="0 0 0 0 0 0 0 0 0 0 0 0 0 0 0 0 0 0 0.1 0"
          />
          <feblend
            in2="shape"
            result="effect1_innerShadow"
          />
        </filter>
      </defs>
    </svg>
  </div>
  <div
    class="c2 flex"
  >
    <div
      class="c3 c4"
    >
      <a
        class="c5 c6"
        data-testid="home-link"
      >
        Home
      </a>
      <a
        class="c5 c6"
        data-testid="projects-link"
      >
        Projetos
      </a>
      <a
        class="c5 c6"
        data-testid="contact-link"
      >
        Contato
      </a>
    </div>
  </div>
  <div
    class="c7"
  >
    <div
      class="c8"
    >
      <svg
        aria-hidden="true"
        aria-label="Open menu"
        class="c9"
        fill="currentColor"
        focusable="false"
        viewBox="0 0 24 24"
        xmlns="http://www.w3.org/2000/svg"
      >
        <path
          d="M0 0h24v24H0V0z"
          fill="none"
        />
        <path
          d="M3 18h18v-2H3v2zm0-5h18v-2H3v2zm0-7v2h18V6H3z"
        />
      </svg>
    </div>
  </div>
  <nav
    aria-hidden="true"
    class="c10"
    data-testid="menu-full"
  >
    <svg
      aria-hidden="true"
      aria-label="Close menu"
      class="c9"
      fill="currentColor"
      focusable="false"
      viewBox="0 0 24 24"
      xmlns="http://www.w3.org/2000/svg"
    >
      <path
        d="M0 0h24v24H0V0z"
        fill="none"
      />
      <path
        d="M19 6.41L17.59 5 12 10.59 6.41 5 5 6.41 10.59 12 5 17.59 6.41 19 12 13.41 17.59 19 19 17.59 13.41 12 19 6.41z"
      />
    </svg>
    <div
      class="c3 c4"
    >
      <a
        class="c5 c6"
        data-testid="home-link-mobile"
      >
        Home
      </a>
      <a
        class="c5 c6"
        data-testid="projects-link-mobile"
      >
        Projetos
      </a>
      <a
        class="c5 c6"
        data-testid="contact-link-mobile"
      >
        Contato
      </a>
    </div>
  </nav>
</menu>
`
