// Jest Snapshot v1, https://goo.gl/fbAQLP

exports['<Timeline /> should match snapshot 1'] = `
.c0 {
  position: relative;
  display: -webkit-box;
  display: -webkit-flex;
  display: -ms-flexbox;
  display: flex;
  max-height: 70rem;
  overflow: auto;
}

.c2 {
  border: 1px solid #28F5BE;
  height: 700px;
  position: absolute;
  left: 47px;
}

.c1 {
  display: -webkit-box;
  display: -webkit-flex;
  display: -ms-flexbox;
  display: flex;
  -webkit-flex-direction: column;
  -ms-flex-direction: column;
  flex-direction: column;
}

<section
  class="c0"
>
  <div
    class="c1"
  />
  <div
    class="c2"
  />
</section>
`
