// Jest Snapshot v1, https://goo.gl/fbAQLP

exports['Main component Should match snapshot 1'] = `
.c0 {
  background-color: #06092b;
  color: #fff;
  width: 100%;
  height: 100%;
  padding: 3rem;
  display: -webkit-box;
  display: -webkit-flex;
  display: -ms-flexbox;
  display: flex;
  -webkit-flex-direction: column;
  -ms-flex-direction: column;
  flex-direction: column;
  text-align: center;
  -webkit-align-items: center;
  -webkit-box-align: center;
  -ms-flex-align: center;
  align-items: center;
  -webkit-box-pack: center;
  -webkit-justify-content: center;
  -ms-flex-pack: center;
  justify-content: center;
}

.c1 {
  display: -webkit-box;
  display: -webkit-flex;
  display: -ms-flexbox;
  display: flex;
  -webkit-align-items: center;
  -webkit-box-align: center;
  -ms-flex-align: center;
  align-items: center;
  margin-bottom: 2rem;
}

.c2 {
  width: 15rem;
  margin-right: 1rem;
}

.c3 {
  font-size: 4.5rem;
}

.c4 {
  font-size: 2rem;
  font-weight: 400;
}

.c5 {
  margin-top: 3rem;
  width: min(30rem,100%);
}

<main
  class="c0"
>
  <div
    class="c1"
  >
    <img
      alt="Atom image"
      class="c2"
      src="/img/icon-192.png"
    />
    <h1
      class="c3"
      data-testid="title"
    >
      Next-Boilerplate
    </h1>
  </div>
  <h2
    class="c4"
  >
    A simple boilerplate to work with Typescript, React, NextJs and Styled Components
  </h2>
  <img
    alt="Person on a computer"
    class="c5"
    src="/img/hero-illustration.svg"
  />
</main>
`
