// Jest Snapshot v1, https://goo.gl/fbAQLP

exports['<Button /> should render with correct initial state 1'] = `
.c0 {
  background: #28F5BE;
  color: #27272D;
  font-weight: 500;
  border: none;
  border-radius: 0.4rem;
  padding: 0.8rem;
  cursor: pointer;
  -webkit-text-decoration: none;
  text-decoration: none;
  display: -webkit-inline-box;
  display: -webkit-inline-flex;
  display: -ms-inline-flexbox;
  display: inline-flex;
  -webkit-align-items: center;
  -webkit-box-align: center;
  -ms-flex-align: center;
  align-items: center;
  -webkit-box-pack: center;
  -webkit-justify-content: center;
  -ms-flex-pack: center;
  justify-content: center;
  height: 4rem;
  font-size: 1.6rem;
  padding: 0.8rem 3.2rem;
}

.c0:hover {
  background: #1BE0AB;
}

<button
  class="c0"
>
  <span>
    Button
  </span>
</button>
`
